[0.837s] Invoking command in '/home/nathan/ros2_ws/src/yuv422_to_rgb': PYTHONPATH=/home/nathan/ros2_ws/build/yuv422_to_rgb/prefix_override:/home/nathan/ros2_ws/install/yuv422_to_rgb/lib/python3.10/site-packages:${PYTHONPATH} /usr/bin/python3 setup.py egg_info --egg-base ../../build/yuv422_to_rgb build --build-base /home/nathan/ros2_ws/build/yuv422_to_rgb/build install --record /home/nathan/ros2_ws/build/yuv422_to_rgb/install.log --single-version-externally-managed
[1.129s] running egg_info
[1.129s] creating ../../build/yuv422_to_rgb/yuv422_to_rgb.egg-info
[1.130s] writing ../../build/yuv422_to_rgb/yuv422_to_rgb.egg-info/PKG-INFO
[1.130s] writing dependency_links to ../../build/yuv422_to_rgb/yuv422_to_rgb.egg-info/dependency_links.txt
[1.130s] writing entry points to ../../build/yuv422_to_rgb/yuv422_to_rgb.egg-info/entry_points.txt
[1.130s] writing requirements to ../../build/yuv422_to_rgb/yuv422_to_rgb.egg-info/requires.txt
[1.130s] writing top-level names to ../../build/yuv422_to_rgb/yuv422_to_rgb.egg-info/top_level.txt
[1.130s] writing manifest file '../../build/yuv422_to_rgb/yuv422_to_rgb.egg-info/SOURCES.txt'
[1.133s] reading manifest file '../../build/yuv422_to_rgb/yuv422_to_rgb.egg-info/SOURCES.txt'
[1.134s] writing manifest file '../../build/yuv422_to_rgb/yuv422_to_rgb.egg-info/SOURCES.txt'
[1.134s] running build
[1.134s] running build_py
[1.134s] creating /home/nathan/ros2_ws/build/yuv422_to_rgb/build
[1.135s] creating /home/nathan/ros2_ws/build/yuv422_to_rgb/build/lib
[1.135s] creating /home/nathan/ros2_ws/build/yuv422_to_rgb/build/lib/yuv422_to_rgb
[1.135s] copying yuv422_to_rgb/__init__.py -> /home/nathan/ros2_ws/build/yuv422_to_rgb/build/lib/yuv422_to_rgb
[1.135s] copying yuv422_to_rgb/yuv422_to_rgb_node.py -> /home/nathan/ros2_ws/build/yuv422_to_rgb/build/lib/yuv422_to_rgb
[1.135s] running install
[1.135s] /usr/lib/python3/dist-packages/setuptools/command/install.py:34: SetuptoolsDeprecationWarning: setup.py install is deprecated. Use build and pip and other standards-based tools.
[1.135s]   warnings.warn(
[1.135s] running install_lib
[1.136s] creating /home/nathan/ros2_ws/install/yuv422_to_rgb/lib/python3.10/site-packages/yuv422_to_rgb
[1.137s] copying /home/nathan/ros2_ws/build/yuv422_to_rgb/build/lib/yuv422_to_rgb/__init__.py -> /home/nathan/ros2_ws/install/yuv422_to_rgb/lib/python3.10/site-packages/yuv422_to_rgb
[1.137s] copying /home/nathan/ros2_ws/build/yuv422_to_rgb/build/lib/yuv422_to_rgb/yuv422_to_rgb_node.py -> /home/nathan/ros2_ws/install/yuv422_to_rgb/lib/python3.10/site-packages/yuv422_to_rgb
[1.137s] byte-compiling /home/nathan/ros2_ws/install/yuv422_to_rgb/lib/python3.10/site-packages/yuv422_to_rgb/__init__.py to __init__.cpython-310.pyc
[1.137s] byte-compiling /home/nathan/ros2_ws/install/yuv422_to_rgb/lib/python3.10/site-packages/yuv422_to_rgb/yuv422_to_rgb_node.py to yuv422_to_rgb_node.cpython-310.pyc
[1.138s] running install_data
[1.139s] creating /home/nathan/ros2_ws/install/yuv422_to_rgb/share/ament_index
[1.139s] creating /home/nathan/ros2_ws/install/yuv422_to_rgb/share/ament_index/resource_index
[1.139s] creating /home/nathan/ros2_ws/install/yuv422_to_rgb/share/ament_index/resource_index/packages
[1.139s] copying resource/yuv422_to_rgb -> /home/nathan/ros2_ws/install/yuv422_to_rgb/share/ament_index/resource_index/packages
[1.139s] copying package.xml -> /home/nathan/ros2_ws/install/yuv422_to_rgb/share/yuv422_to_rgb
[1.139s] running install_egg_info
[1.141s] Copying ../../build/yuv422_to_rgb/yuv422_to_rgb.egg-info to /home/nathan/ros2_ws/install/yuv422_to_rgb/lib/python3.10/site-packages/yuv422_to_rgb-0.0.0-py3.10.egg-info
[1.142s] running install_scripts
[1.167s] Installing yuv422_to_rgb_node script to /home/nathan/ros2_ws/install/yuv422_to_rgb/lib/yuv422_to_rgb
[1.167s] writing list of installed files to '/home/nathan/ros2_ws/build/yuv422_to_rgb/install.log'
[1.195s] Invoked command in '/home/nathan/ros2_ws/src/yuv422_to_rgb' returned '0': PYTHONPATH=/home/nathan/ros2_ws/build/yuv422_to_rgb/prefix_override:/home/nathan/ros2_ws/install/yuv422_to_rgb/lib/python3.10/site-packages:${PYTHONPATH} /usr/bin/python3 setup.py egg_info --egg-base ../../build/yuv422_to_rgb build --build-base /home/nathan/ros2_ws/build/yuv422_to_rgb/build install --record /home/nathan/ros2_ws/build/yuv422_to_rgb/install.log --single-version-externally-managed
