running egg_info
writing ../../build/yuv422_to_rgb/yuv422_to_rgb.egg-info/PKG-INFO
writing dependency_links to ../../build/yuv422_to_rgb/yuv422_to_rgb.egg-info/dependency_links.txt
writing entry points to ../../build/yuv422_to_rgb/yuv422_to_rgb.egg-info/entry_points.txt
writing requirements to ../../build/yuv422_to_rgb/yuv422_to_rgb.egg-info/requires.txt
writing top-level names to ../../build/yuv422_to_rgb/yuv422_to_rgb.egg-info/top_level.txt
reading manifest file '../../build/yuv422_to_rgb/yuv422_to_rgb.egg-info/SOURCES.txt'
writing manifest file '../../build/yuv422_to_rgb/yuv422_to_rgb.egg-info/SOURCES.txt'
running build
running build_py
copying yuv422_to_rgb/yuv422_to_rgb_node.py -> /home/nathan/ros2_ws/build/yuv422_to_rgb/build/lib/yuv422_to_rgb
running install
/usr/lib/python3/dist-packages/setuptools/command/install.py:34: SetuptoolsDeprecationWarning: setup.py install is deprecated. Use build and pip and other standards-based tools.
  warnings.warn(
running install_lib
copying /home/nathan/ros2_ws/build/yuv422_to_rgb/build/lib/yuv422_to_rgb/yuv422_to_rgb_node.py -> /home/nathan/ros2_ws/install/yuv422_to_rgb/lib/python3.10/site-packages/yuv422_to_rgb
byte-compiling /home/nathan/ros2_ws/install/yuv422_to_rgb/lib/python3.10/site-packages/yuv422_to_rgb/yuv422_to_rgb_node.py to yuv422_to_rgb_node.cpython-310.pyc
running install_data
running install_egg_info
removing '/home/nathan/ros2_ws/install/yuv422_to_rgb/lib/python3.10/site-packages/yuv422_to_rgb-0.0.0-py3.10.egg-info' (and everything under it)
Copying ../../build/yuv422_to_rgb/yuv422_to_rgb.egg-info to /home/nathan/ros2_ws/install/yuv422_to_rgb/lib/python3.10/site-packages/yuv422_to_rgb-0.0.0-py3.10.egg-info
running install_scripts
Installing yuv422_to_rgb_node script to /home/nathan/ros2_ws/install/yuv422_to_rgb/lib/yuv422_to_rgb
writing list of installed files to '/home/nathan/ros2_ws/build/yuv422_to_rgb/install.log'
